da da DK 88591 /usr/lib/lang/da/DK/88591
da_DK.850 da DK 850 /usr/lib/lang/da/DK/850
da_DK.865 da DK 865 /usr/lib/lang/da/DK/865
de de DE 88591 /usr/lib/lang/de/DE/88591
de_AT de AT 88591 /usr/lib/lang/de/AT/88591
de_AT.437 de AT 437 /usr/lib/lang/de/AT/437
de_AT.850 de AT 850 /usr/lib/lang/de/AT/850
de_CH de CH 88591 /usr/lib/lang/de/CH/88591
de_CH.437 de CH 437 /usr/lib/lang/de/CH/437
de_CH.850 de CH 850 /usr/lib/lang/de/CH/850
de_DE.437 de DE 437 /usr/lib/lang/de/DE/437
de_DE.850 de DE 850 /usr/lib/lang/de/DE/850
en en GB 88591 /usr/lib/lang/en/GB/88591
en_AU en AU 88591 /usr/lib/lang/en/AU/88591
en_AU.437 en AU 437 /usr/lib/lang/en/AU/437
en_AU.646 en AU 646 /usr/lib/lang/en/AU/646
en_AU.850 en AU 850 /usr/lib/lang/en/AU/850
en_CA en CA 88591 /usr/lib/lang/en/CA/88591
en_CA.437 en CA 437 /usr/lib/lang/en/CA/437
en_CA.646 en CA 646 /usr/lib/lang/en/CA/646
en_CA.850 en CA 850 /usr/lib/lang/en/CA/850
en_CA.863 en CA 863 /usr/lib/lang/en/CA/863
en_GB.437 en GB 437 /usr/lib/lang/en/GB/437
en_GB.646 en GB 646 /usr/lib/lang/en/GB/646
en_GB.850 en GB 850 /usr/lib/lang/en/GB/850
en_HK en HK 88591 /usr/lib/lang/en/HK/88591
en_HK.437 en HK 437 /usr/lib/lang/en/HK/437
en_HK.646 en HK 646 /usr/lib/lang/en/HK/646
en_HK.850 en HK 850 /usr/lib/lang/en/HK/850
en_IN en IN 88591 /usr/lib/lang/en/IN/88591
en_IN.437 en IN 437 /usr/lib/lang/en/IN/437
en_IN.646 en IN 646 /usr/lib/lang/en/IN/646
en_IN.850 en IN 850 /usr/lib/lang/en/IN/850
en_IR en IR 88591 /usr/lib/lang/en/IR/88591
en_IR.437 en IR 437 /usr/lib/lang/en/IR/437
en_IR.646 en IR 646 /usr/lib/lang/en/IR/646
en_IR.850 en IR 850 /usr/lib/lang/en/IR/850
en_NZ en NZ 88591 /usr/lib/lang/en/NZ/88591
en_NZ.437 en NZ 437 /usr/lib/lang/en/NZ/437
en_NZ.646 en NZ 646 /usr/lib/lang/en/NZ/646
en_NZ.850 en NZ 850 /usr/lib/lang/en/NZ/850
en_SG en SG 88591 /usr/lib/lang/en/SG/88591
en_SG.437 en SG 437 /usr/lib/lang/en/SG/437
en_SG.646 en SG 646 /usr/lib/lang/en/SG/646
en_SG.850 en SG 850 /usr/lib/lang/en/SG/850
en_US en US 88591 /usr/lib/lang/en/US/88591
en_US.437 en US 437 /usr/lib/lang/en/US/437
en_US.646 en US 646 /usr/lib/lang/en/US/646
en_US.850 en US 850 /usr/lib/lang/en/US/850
es es ES 88591 /usr/lib/lang/es/ES/88591
es_AR es AR 88591 /usr/lib/lang/es/AR/88591
es_AR.437 es AR 437 /usr/lib/lang/es/AR/437
es_AR.850 es AR 850 /usr/lib/lang/es/AR/850
es_CL es CL 88591 /usr/lib/lang/es/CL/88591
es_CL.437 es CL 437 /usr/lib/lang/es/CL/437
es_CL.850 es CL 850 /usr/lib/lang/es/CL/850
es_ES.437 es ES 437 /usr/lib/lang/es/ES/437
es_ES.850 es ES 850 /usr/lib/lang/es/ES/850
es_MX es MX 88591 /usr/lib/lang/es/MX/88591
es_MX.437 es MX 437 /usr/lib/lang/es/MX/437
es_MX.850 es MX 850 /usr/lib/lang/es/MX/850
es_VE es VE 88591 /usr/lib/lang/es/VE/88591
es_VE.437 es VE 437 /usr/lib/lang/es/VE/437
es_VE.850 es VE 850 /usr/lib/lang/es/VE/850
fi fi FI 88591 /usr/lib/lang/fi/FI/88591
fi_FI.437 fi FI 437 /usr/lib/lang/fi/FI/437
fi_FI.850 fi FI 850 /usr/lib/lang/fi/FI/850
fr fr FR 88591 /usr/lib/lang/fr/FR/88591
fr_BE fr BE 88591 /usr/lib/lang/fr/BE/88591
fr_BE.437 fr BE 437 /usr/lib/lang/fr/BE/437
fr_BE.850 fr BE 850 /usr/lib/lang/fr/BE/850
fr_CA fr CA 88591 /usr/lib/lang/fr/CA/88591
fr_CA.850 fr CA 850 /usr/lib/lang/fr/CA/850
fr_CA.863 fr CA 863 /usr/lib/lang/fr/CA/863
fr_CH fr CH 88591 /usr/lib/lang/fr/CH/88591
fr_CH.437 fr CH 437 /usr/lib/lang/fr/CH/437
fr_CH.850 fr CH 850 /usr/lib/lang/fr/CH/850
fr_FR.437 fr FR 437 /usr/lib/lang/fr/FR/437
fr_FR.850 fr FR 850 /usr/lib/lang/fr/FR/850
is is IS 88591 /usr/lib/lang/is/IS/88591
is_IS.850 is IS 850 /usr/lib/lang/is/IS/850
it it IT 88591 /usr/lib/lang/it/IT/88591
it_CH it CH 88591 /usr/lib/lang/it/CH/88591
it_CH.437 it CH 437 /usr/lib/lang/it/CH/437
it_CH.850 it CH 850 /usr/lib/lang/it/CH/850
it_IT.437 it IT 437 /usr/lib/lang/it/IT/437
it_IT.850 it IT 850 /usr/lib/lang/it/IT/850
nl nl NL 88591 /usr/lib/lang/nl/NL/88591
nl_BE nl BE 88591 /usr/lib/lang/nl/BE/88591
nl_BE.437 nl BE 437 /usr/lib/lang/nl/BE/437
nl_BE.850 nl BE 850 /usr/lib/lang/nl/BE/850
nl_NL.437 nl NL 437 /usr/lib/lang/nl/NL/437
nl_NL.850 nl NL 850 /usr/lib/lang/nl/NL/850
no no NO 88591 /usr/lib/lang/no/NO/88591
no_NO.850 no NO 850 /usr/lib/lang/no/NO/850
no_NO.865 no NO 865 /usr/lib/lang/no/NO/865
pt pt PT 88591 /usr/lib/lang/pt/PT/88591
pt_BR pt BR 88591 /usr/lib/lang/pt/BR/88591
pt_BR.850 pt BR 850 /usr/lib/lang/pt/BR/850
pt_BR.860 pt BR 860 /usr/lib/lang/pt/BR/860
pt_PT.850 pt PT 850 /usr/lib/lang/pt/PT/850
pt_PT.860 pt PT 860 /usr/lib/lang/pt/PT/860
sv sv SE 88591 /usr/lib/lang/sv/SE/88591
sv_FI sv FI 88591 /usr/lib/lang/sv/FI/88591
sv_FI.437 sv FI 437 /usr/lib/lang/sv/FI/437
sv_FI.850 sv FI 850 /usr/lib/lang/sv/FI/850
sv_SE.437 sv SE 437 /usr/lib/lang/sv/SE/437
sv_SE.850 sv SE 850 /usr/lib/lang/sv/SE/850
